// Jest Snapshot v1, https://goo.gl/fbAQLP

exports[`Description component should render properly  1`] = `ShallowWrapper {}`;

exports[`Description component should render properly  2`] = `ShallowWrapper {}`;
