// Jest Snapshot v1, https://goo.gl/fbAQLP

exports[`Git components should render properly  1`] = `ShallowWrapper {}`;
