// Jest Snapshot v1, https://goo.gl/fbAQLP

exports[`Header should match the snapshot 1`] = `
<div
  style={
    Object {
      "background": "#333",
      "color": "#fff",
      "padding": "5px",
      "textAlign": "center",
    }
  }
>
  <h1>
    Git Office
  </h1>
</div>
`;
